[web.archive.org/web/20080105035258/http_/pixma-faq.periastron.com/1.html]
[web.archive.org/web/20080105035303/http_/pixma-faq.periastron.com/2.html]
[web.archive.org/web/20071102114328/http_/users.cjb.net/pixma-faq/4.html]
[web.archive.org/web/20080105035309/http_/pixma-faq.periastron.com/3.html]
[web.archive.org/web/20070918210416/http_/users.cjb.net/pixma-faq/7.html]
[web.archive.org/web/20071102082403/http_/pixma-faq.periastron.com/8.html]
[web.archive.org/web/20080105035319/http_/pixma-faq.periastron.com/5.html]
[web.archive.org/web/20080105040133/http_/pixma-faq.periastron.com/6.html]
[backblue.gif]
[fade.gif]
[index.html]
[web.archive.org/web/20080105035258/http_/pixma-faq.periastron.com/index.html]
[web.archive.org/web/20070918204849/http_/users.cjb.net/pixma-faq/10.html]
[web.archive.org/web/20080101103419/http_/pixma-faq.periastron.com/index.html]
[web.archive.org/web/20071102082408/http_/pixma-faq.periastron.com/9.html]
[web.archive.org/index.html]
[web-static.archive.org/_static/js/bundle-playbackffba.js]
[web-static.archive.org/_static/js/wombat9b8c.js]
[web-static.archive.org/_static/js/ruffle/ruffle.js]
[www.hugedomains.com/domain_profileb051.html]
[web-static.archive.org/_static/css/iconochive29a7.css]
[web.archive.org/web/20070102205418im_/http_/pixma-faq.periastron.com/wowbb_logo.gif]
[web.archive.org/web/20070102205405im_/http_/pixma-faq.periastron.com/pixma-faq.jpg]
[web.archive.org/web/20070102205357im_/http_/pixma-faq.periastron.com/curve.jpg]
[web.archive.org/web/20080106233005/http_/www.expansys.com/errorf533.html]
[web.archive.org/web/20071224045148/http_/www.newegg.com/Product/ProductListda07.html]
[web.archive.org/web/20080106232630/http_/www.expansys.com/error93aa.html]
[web.archive.org/web/20071105234640/http_/www.newegg.com/Product/ProductListda07.html]
[web.archive.org/web/20080106232635/http_/www.expansys.com/error0b09.html]
[web.archive.org/web/20080106233014/http_/www.expansys.com/error84e1.html]
[web.archive.org/web/20080109212426/http_/www.stevesforums.com/forums/view_topic387b.html]
[web.archive.org/web/20080109212435/http_/www.stevesforums.com/forums/view_topica2a7.html]
[web.archive.org/web/20061127202240im_/http_/pixma-faq.periastron.com/1-1.gif]
[web.archive.org/web/20080109212356/http_/www.stevesforums.com/forums/view_topicf264.html]
[web.archive.org/web/20080226061151/http_/pixma-faq.periastron.com/index.html]
[web.archive.org/web/20070102205324im_/http_/pixma-faq.periastron.com/main.jpg]
[web.archive.org/web/20070104104901im_/http_/pixma-faq.periastron.com/back.jpg]
[web.archive.org/web/20080105035314/http_/pixma-faq.periastron.com/4.html]
[web.archive.org/web/20080226055729/http_/pixma-faq.periastron.com/7.html]
[web.archive.org/web/20080227022354/http_/pixma-faq.periastron.com/8.html]
[web.archive.org/web/20080227021500/http_/pixma-faq.periastron.com/10.html]
[web.archive.org/web/20070102205348im_/http_/pixma-faq.periastron.com/next.jpg]
[web.archive.org/web/20070104104912im_/http_/pixma-faq.periastron.com/YOURHERE.jpg]
[web.archive.org/web/20070107073100im_/http_/www.cybervortex.com/_borders/spiral2_small.gif]
[web.archive.org/web/20080105035258/http_/pixma-faq.periastron.com/1.html]
[web.archive.org/web/20071227085028/http_/www.stevesforums.com/forums/view_topic5ee6.html]
[web.archive.org/web/20061128130146im_/http_/pixma-faq.periastron.com/2-1.jpg]
[web.archive.org/web/20061128130158im_/http_/pixma-faq.periastron.com/2-2.gif]
[web.archive.org/web/20061128130211im_/http_/pixma-faq.periastron.com/2-3.gif]
[web.archive.org/web/20061128130235im_/http_/pixma-faq.periastron.com/2-5.gif]
[web.archive.org/web/20061128130223im_/http_/pixma-faq.periastron.com/2-4.gif]
[web.archive.org/web/20061128130301im_/http_/pixma-faq.periastron.com/2-7.gif]
[web.archive.org/web/20061128130249im_/http_/pixma-faq.periastron.com/2-6.gif]
[web.archive.org/web/20061127202101im_/http_/pixma-faq.periastron.com/2-10.gif]
[web.archive.org/web/20061127201155im_/http_/pixma-faq.periastron.com/2-9.gif]
[web.archive.org/web/20060507051911im_/http_/pixma-faq.periastron.com/2-8.gif]
[web.archive.org/web/20080105035303/http_/pixma-faq.periastron.com/2.html]
[web.archive.org/web/20061127202127im_/http_/pixma-faq.periastron.com/3-2.gif]
[web.archive.org/web/20071227085023/http_/www.stevesforums.com/forums/view_topicc85b.html]
[web.archive.org/web/20080105035309/http_/search.ebay.com/search/search4e14.dll]
[web.archive.org/web/20061126185958im_/http_/pixma-faq.periastron.com/adapter.gif]
[web.archive.org/web/20070402030943/http_/pixma-faq.periastron.com/3-3-big.jpg]
[web.archive.org/web/20061127202022im_/http_/pixma-faq.periastron.com/3-3.gif]
[web.archive.org/web/20070911191511/http_/www.stevesforums.com/forums/view_useraaaf.html]
[web.archive.org/web/20071105230404/http_/pixma.web1000.com/Pixma345/345.html]
[web.archive.org/web/20060501131149im_/http_/pixma-faq.periastron.com/3-5.jpg]
[web.archive.org/web/20080105035309/http_/pixma-faq.periastron.com/3.html]
[archive.org/includes/athena.js]
[archive.org/includes/donated6ca.html]
[web-static.archive.org/_static/images/toolbar/wayback-toolbar-logo-200.png]
[web.archive.org/web/20071102114328_/http_/users.cjb.net/pixma-faq/4.html]
[archive.org/logina1be.html]
[web.archive.org/web/20071102114328/http_/web.archive.org/screenshot/http_/users.cjb.net/pixma-faq/4.html]
[archive.org/services/img/alexacrawls.jpg]
[help.archive.org/help/category/the-wayback-machine/index.html]
[archive.org/details/alexacrawls.html]
[archive.org/services/img/52_crawl.jpg]
[archive.org/details/52_crawl.html]
[web-static.archive.org/_static/images/loading.gif]
[web.archive.org/web/20060708090629im_/http_/users.cjb.net/pixma-faq/wowbb_logo.gif]
[web.archive.org/web/20130102022228im_/http_/www.cjb.net/cjb.net.png]
[web.archive.org/web/20060708084301im_/http_/users.cjb.net/pixma-faq/pixma-faq.jpg]
[web.archive.org/web/20060708074726im_/http_/users.cjb.net/pixma-faq/curve.jpg]
[web.archive.org/web/20071105235500/http_/www.stevesforums.com/forums/view_topicdb80.html]
[web.archive.org/web/20071105154217/http_/www.eserviceinfo.com/equipment_mfg/Canon_22.html]
[web.archive.org/web/20060519063239im_/http_/users.cjb.net/pixma-faq/4-1.gif]
[web.archive.org/web/20071227131140/http_/www.stevesforums.com/forums/view_user0ad6.html]
[web.archive.org/web/20060519063226im_/http_/users.cjb.net/pixma-faq/4-1.jpg]
[web.archive.org/web/20071227131131/http_/www.stevesforums.com/forums/view_topic8f45.html]
[web.archive.org/web/20060519063400im_/http_/users.cjb.net/pixma-faq/MP750780.gif]
[web.archive.org/web/20060519063336im_/http_/users.cjb.net/pixma-faq/MP760.gif]
[web.archive.org/web/20060519063159im_/http_/users.cjb.net/pixma-faq/MAP.gif]
[web.archive.org/web/20060519063537im_/http_/users.cjb.net/pixma-faq/PIXMA 7XX-1.gif]
[web.archive.org/web/20060519063549im_/http_/users.cjb.net/pixma-faq/PIXMA 7XX-2.gif]
[web.archive.org/web/20060519063602im_/http_/users.cjb.net/pixma-faq/PIXMA 7XX-3.gif]
[web.archive.org/web/20060519063616im_/http_/users.cjb.net/pixma-faq/PIXMA 7XX-4.gif]
[web.archive.org/web/20060519063628im_/http_/users.cjb.net/pixma-faq/PIXMA 7XX-5.gif]
[web.archive.org/web/20060519063641im_/http_/users.cjb.net/pixma-faq/PIXMA 7XX-6.gif]
[web.archive.org/web/20060519063142im_/http_/users.cjb.net/pixma-faq/mp760-rom.JPG]
[web.archive.org/web/20070918205210/http_/users.cjb.net/pixma-faq/index.html]
[web.archive.org/web/20060708073343im_/http_/users.cjb.net/pixma-faq/main.jpg]
[web.archive.org/web/20070918205526/http_/users.cjb.net/pixma-faq/3.html]
[web.archive.org/web/20060519063212im_/http_/users.cjb.net/pixma-faq/back.jpg]
[web.archive.org/web/20070918183929/http_/users.cjb.net/pixma-faq/1.html]
[web.archive.org/web/20070918205149/http_/users.cjb.net/pixma-faq/2.html]
[web.archive.org/web/20070918183214/http_/users.cjb.net/pixma-faq/5.html]
[web.archive.org/web/20070918210240/http_/users.cjb.net/pixma-faq/6.html]
[web.archive.org/web/20070919022454/http_/users.cjb.net/pixma-faq/8.html]
[web.archive.org/web/20070918185329/http_/users.cjb.net/pixma-faq/9.html]
[web.archive.org/web/20060708073355im_/http_/users.cjb.net/pixma-faq/next.jpg]
[web.archive.org/web/20070717161514js_/http_/ads.adbrite.com/mb/text_group4872.html]
[web.archive.org/web/20071102114328/http_/users.cjb.net/pixma-faq/4.html]
[web.archive.org/web/20080109212446/http_/www.stevesforums.com/forums/view_userd033.html]
[web.archive.org/web/20080109212456/http_/www.stevesforums.com/forums/view_user6c28.html]
[web.archive.org/web/20071227084232/http_/www.stevesforums.com/forums/view_topicd5b3.html]
[web.archive.org/web/20061127201925im_/http_/pixma-faq.periastron.com/5-1.jpg]
[web.archive.org/web/20071229064536/http_/cweb.canon.jp/drv-upd/bj/bjwxp-180.html]
[web.archive.org/web/20080109133402/http_/www.canon.com.hk/En/product/Series73e3.aspx]
[web.archive.org/web/20071230115402/http_/www.usa.canon.com/consumer/controlleradc9.html]
[web.archive.org/web/20080109141031/http_/cmtw.canon.com.tw/service/driver26221.asp]
[web.archive.org/web/20060818120748/http_/cmtw.canon.com.tw/service/upload/driver/00000227/CD-LabelPrint .Win.V1.0.2_E.exe]
[web.archive.org/web/20061128073029/http_/cmtw.canon.com.tw/service/upload/driver/00000227/CD-LabelPrint.OSX.V100_E.dmg]
[web.archive.org/web/20070126145121/http_/www.canon.com.hk/myContent/Product_Tab/ColorBubbleJetPrinter/desktopprinter/iP3000/CDR_ENG.pdf]
[web.archive.org/web/20080109191917/http_/www.stevesforums.com/forums/view_topicdcac.html]
[web.archive.org/web/20080109212422/http_/www.stevesforums.com/forums/view_topicba52.html]
[web.archive.org/web/20080105035319/http_/pixma-faq.periastron.com/5.html]
[web.archive.org/web/20061128130503im_/http_/pixma-faq.periastron.com/6-1.jpg]
[web.archive.org/web/20071229131641/http_/www.stevesforums.com/forums/view_topic3d24.html]
[web.archive.org/web/20061128130640/http_/pixma-faq.periastron.com/iP3000.reg]
[web.archive.org/web/20061128130652/http_/pixma-faq.periastron.com/iP4000.reg]
[web.archive.org/web/20061128130704/http_/pixma-faq.periastron.com/iP5000.reg]
[web.archive.org/web/20061127201109/http_/pixma-faq.periastron.com/iP8500.reg]
[web.archive.org/web/20061128130604/http_/pixma-faq.periastron.com/MP750.reg]
[web.archive.org/web/20061128130628/http_/pixma-faq.periastron.com/MP760.reg]
[web.archive.org/web/20060430225142/http_/pixma-faq.periastron.com/MP780.reg]
[web.archive.org/web/20061128130515im_/http_/pixma-faq.periastron.com/6-2.gif]
[web.archive.org/web/20061128130539im_/http_/pixma-faq.periastron.com/6-4.gif]
[web.archive.org/web/20061128130527im_/http_/pixma-faq.periastron.com/6-3.gif]
[web.archive.org/web/20080105040133/http_/pixma-faq.periastron.com/6.html]
[archive.org/includes/donate4e31.html]
[web.archive.org/web/20070918210416_/http_/users.cjb.net/pixma-faq/7.html]
[web.archive.org/web/20070918210416/http_/web.archive.org/screenshot/http_/users.cjb.net/pixma-faq/7.html]
[archive.org/services/img/44_crawl.jpg]
[archive.org/details/44_crawl.html]
[web.archive.org/web/20070911235727/http_/users.cjb.net/pixma-faq/4.html]
[web.archive.org/web/20070918210416/http_/users.cjb.net/pixma-faq/7.html]
[archive.org/includes/donated7c1.html]
[web.archive.org/web/20071102082403_/http_/pixma-faq.periastron.com/8.html]
[web.archive.org/web/20071102082403/http_/web.archive.org/screenshot/http_/pixma-faq.periastron.com/8.html]
[web.archive.org/web/20071102065709/http_/www.magicmouse.com/h_discus_detail.html]
[web.archive.org/web/20080325094918/http_/www.nero.com/enu/index.html]
[web.archive.org/web/20070221181141/http_/pete.mvd2.com/canon_ip4000_v3.std]
[web.archive.org/web/20071102114453/http_/pixma-faq.periastron.com/index.html]
[web.archive.org/web/20071102082358/http_/pixma-faq.periastron.com/7.html]
[web.archive.org/web/20071102051419/http_/pixma-faq.periastron.com/1.html]
[web.archive.org/web/20071102082337/http_/pixma-faq.periastron.com/2.html]
[web.archive.org/web/20071102082342/http_/pixma-faq.periastron.com/3.html]
[web.archive.org/web/20071102114448/http_/pixma-faq.periastron.com/4.html]
[web.archive.org/web/20071102082348/http_/pixma-faq.periastron.com/5.html]
[web.archive.org/web/20071102082353/http_/pixma-faq.periastron.com/6.html]
[web.archive.org/web/20071102082332/http_/pixma-faq.periastron.com/10.html]
[web.archive.org/web/20071102082403/http_/pixma-faq.periastron.com/8.html]
[web.archive.org/web/20130214082941/http_/home.kc.rr.com/azzkikr69/Install.jpg]
[web.archive.org/web/20080109191819/http_/www.stevesforums.com/forums/view_topic4df1.html]
[web.archive.org/web/20130214082941/http_/home.kc.rr.com/azzkikr69/ip5000.jpg]
[web.archive.org/web/20080109191824/http_/www.stevesforums.com/forums/view_topicfa8a.html]
[web.archive.org/web/20060629000333/http_/www.stevesforums.com/forums/attachmentc047.html]
[web.archive.org/web/20080109212326/http_/www.stevesforums.com/forums/view_topiceb0f.html]
[web.archive.org/web/20060629000008/http_/www.stevesforums.com/forums/attachmentf642.html]
[web.archive.org/web/20080109212331/http_/www.stevesforums.com/forums/view_topic5bc2.html]
[web.archive.org/web/20060629000058/http_/www.stevesforums.com/forums/attachment6cde.html]
[web.archive.org/web/20060629000345/http_/www.stevesforums.com/forums/attachment34ab.html]
[web.archive.org/web/20080109212341/http_/www.stevesforums.com/forums/view_topic1b2c.html]
[web.archive.org/web/20060629000401/http_/www.stevesforums.com/forums/attachmente13e.html]
[web.archive.org/web/20070911191641/http_/www.stevesforums.com/forums/view_topicc85b.html]
[web.archive.org/web/20060629000412/http_/www.stevesforums.com/forums/attachmentac59.html]
[web.archive.org/web/20060629000428/http_/www.stevesforums.com/forums/attachmentff54.html]
[web.archive.org/web/20080109212346/http_/www.stevesforums.com/forums/view_topic14c2.html]
[web.archive.org/web/20060629000033/http_/www.stevesforums.com/forums/attachment3076.html]
[web.archive.org/web/20080109191839/http_/www.stevesforums.com/forums/view_topicae49.html]
[web.archive.org/web/20060629000440/http_/www.stevesforums.com/forums/attachmentc31d.html]
[web.archive.org/web/20080109191844/http_/www.stevesforums.com/forums/view_topic65b9.html]
[web.archive.org/web/20060629000457/http_/www.stevesforums.com/forums/attachmenta0e3.html]
[web.archive.org/web/20060629000558/http_/www.stevesforums.com/forums/attachmenta1de.html]
[web.archive.org/web/20060629000134/http_/www.stevesforums.com/forums/attachment4a42.html]
[web.archive.org/web/20060629000516/http_/www.stevesforums.com/forums/attachment0a1b.html]
[web.archive.org/web/20060629000526/http_/www.stevesforums.com/forums/attachment5100.html]
[web.archive.org/web/20060629000540/http_/www.stevesforums.com/forums/attachmente56b.html]
[web.archive.org/web/20060629000843/http_/www.stevesforums.com/forums/attachment546f.html]
[web.archive.org/web/20080109212351/http_/www.stevesforums.com/forums/view_topicb36a.html]
[web.archive.org/web/20060629000611/http_/www.stevesforums.com/forums/attachment9bfb.html]
[web.archive.org/web/20080109181836/http_/www.stevesforums.com/forums/view_topic0630.html]
[web.archive.org/web/20060629000626/http_/www.stevesforums.com/forums/attachment8d2f.html]
[web.archive.org/web/20060629000644/http_/www.stevesforums.com/forums/attachmentde07.html]
[web.archive.org/web/20080109191855/http_/www.stevesforums.com/forums/view_topic48f6.html]
[web.archive.org/web/20060629000701/http_/www.stevesforums.com/forums/attachmenta386.html]
[web.archive.org/web/20080109191900/http_/www.stevesforums.com/forums/view_topic4076.html]
[web.archive.org/web/20060629000714/http_/www.stevesforums.com/forums/attachmentfc06.html]
[web.archive.org/web/20060629000728/http_/www.stevesforums.com/forums/attachment6472.html]
[web.archive.org/web/20060629000743/http_/www.stevesforums.com/forums/attachment2b63.html]
[web.archive.org/web/20080109212401/http_/www.stevesforums.com/forums/view_topica9fb.html]
[web.archive.org/web/20060629000756/http_/www.stevesforums.com/forums/attachmentae60.html]
[web.archive.org/web/20080109181842/http_/www.stevesforums.com/forums/view_topic5652.html]
[web.archive.org/web/20060629000808/http_/www.stevesforums.com/forums/attachmentbe11.html]
[web.archive.org/web/20060629000819/http_/www.stevesforums.com/forums/attachment9474.html]
[web.archive.org/web/20071102082408/http_/www.stevesforums.com/forums/view_topic2c0a.php]
[web.archive.org/web/20080109212417/http_/www.stevesforums.com/forums/view_topicf525.html]
[web.archive.org/web/20060629000833/http_/www.stevesforums.com/forums/attachment275e.html]
[web.archive.org/web/20080109212316/http_/www.stevesforums.com/forums/view_topic59ba.html]
[web.archive.org/web/20070911191451/http_/www.stevesforums.com/forums/view_topicd5b3.html]
[web.archive.org/web/20071102082408/http_/www.stevesforums.com/forums/view_topicb671.php]
[web.archive.org/web/20071102082408/http_/www.stevesforums.com/forums/view_topicdd9e.php]
[web.archive.org/web/20071102082408/http_/pixma-faq.periastron.com/9.html]
[archive.org/includes/donatef455.html]
[web.archive.org/web/20070918204849_/http_/users.cjb.net/pixma-faq/10.html]
[web.archive.org/web/20070918204849/http_/web.archive.org/screenshot/http_/users.cjb.net/pixma-faq/10.html]
[web.archive.org/web/20070922113619/http_/www.neilslade.com/Papers/inkjetstuff.html]
[web.archive.org/web/20070712023204/http_/www.videohelp.com/dvdmedia.html]
[web.archive.org/web/20070918204849/http_/search.ebay.com/search/search3ba7.dll]
[web.archive.org/web/20070918181515/http_/homepage.ntlworld.com/wilf.james/cartclen.html]
[web.archive.org/web/20070211220403/http_/forums.dpreview.com/forums/read573c.html]
[web.archive.org/web/20150623052204/http_/www.fixyourownprinter.com/reference/manuals/public/canon.html]
[web.archive.org/web/20070920012119/http_/www.eserviceinfo.com/equipment_mfg/Canon_22.html]
[web.archive.org/web/20070918204849/ftp_/ownload.canon.jp/pub/driver/bj/linux/index.html]
[web.archive.org/web/20070920194150/http_/www.turboprint.de/english.html/index.html]
[web.archive.org/web/20070918204849/http_/users.cjb.net/pixma-faq/10.html]
[web.archive.org/web/20080101103419/http_/pixma-faq.periastron.com/index.html]
[web.archive.org/index.html]
[www.hugedomains.com/domain_profileb051.html]
[web-static.archive.org/_static/index.html]
[web-static.archive.org/_static/css/banner-styles074f.css]
[web-static.archive.org/_static/css/iconochive29a7.css]
[web.archive.org/web/20080105035258/http_/www.stevesforums.com/index.html]
[web.archive.org/web/20080105035258/http_/www.steves-digicams.com/index.html]
[web.archive.org/web/20130214080955im_/http_/pixma-faq.periastron.com/left.gif]
[web.archive.org/web/20130214080955im_/http_/pixma-faq.periastron.com/right.gif]
[web.archive.org/web/20080106233005/http_/www.expansys.com/errorf533.html]
[web.archive.org/web/20071224045148/http_/www.newegg.com/Product/ProductListda07.html]
[web.archive.org/web/20080106232630/http_/www.expansys.com/error93aa.html]
[web.archive.org/web/20071105234640/http_/www.newegg.com/Product/ProductListda07.html]
[web.archive.org/web/20080106232635/http_/www.expansys.com/error0b09.html]
[web.archive.org/web/20080106233014/http_/www.expansys.com/error84e1.html]
[web.archive.org/web/20080105035258/http_/www.xe.com/index.html]
[web.archive.org/web/20080109212426/http_/www.stevesforums.com/forums/view_topic387b.html]
[web.archive.org/web/20080109212435/http_/www.stevesforums.com/forums/view_topica2a7.html]
[web.archive.org/web/20080109212356/http_/www.stevesforums.com/forums/view_topicf264.html]
[web.archive.org/web/20080226061151/http_/pixma-faq.periastron.com/index.html]
[web.archive.org/web/20080105035314/http_/pixma-faq.periastron.com/4.html]
[web.archive.org/web/20080226055729/http_/pixma-faq.periastron.com/7.html]
[web.archive.org/web/20080227022354/http_/pixma-faq.periastron.com/8.html]
[web.archive.org/web/20080227021500/http_/pixma-faq.periastron.com/10.html]
[web.archive.org/web/20080105035258im_/http_/pixma-faq.periastron.com/_vti_bin/fpcount.exe/indexa90b.html]
[web.archive.org/web/20080105035258/http_/www.cybervortex.com/index.html]
[web.archive.org/web/20070107073100im_/http_/www.cybervortex.com/_borders/spiral2_small.html]
[web.archive.org/web/20080105035303/http_/www.stevesforums.com/index.html]
[web.archive.org/web/20080105035303/http_/www.steves-digicams.com/index.html]
[web.archive.org/web/20071227085028/http_/www.stevesforums.com/forums/view_topic5ee6.html]
[web.archive.org/web/20071105222759/http_/www.100webads.com/index.html]
[web.archive.org/web/20080105035303im_/http_/pixma-faq.periastron.com/_vti_bin/fpcount.exe/indexa90b.html]
[web.archive.org/web/20080105035303/http_/www.cybervortex.com/index.html]
[web.archive.org/web/20080105035309/http_/www.stevesforums.com/index.html]
[web.archive.org/web/20080105035309/http_/www.steves-digicams.com/index.html]
[web.archive.org/web/20071227085023/http_/www.stevesforums.com/forums/view_topicc85b.html]
[web.archive.org/web/20080105035309/http_/search.ebay.com/search/search4e14.html]
[web.archive.org/web/20070911191511/http_/www.stevesforums.com/forums/view_useraaaf.html]
[web.archive.org/web/20071105230404/http_/pixma.web1000.com/Pixma345/345.html]
[web.archive.org/web/20080105035309im_/http_/pixma-faq.periastron.com/_vti_bin/fpcount.exe/indexa90b.html]
[web.archive.org/web/20080105035309/http_/www.cybervortex.com/index.html]
[archive.org/includes/athena.js]
[archive.org/includes/donated6ca.html]
[web.archive.org/web/20071102114328_/http_/users.cjb.net/pixma-faq/4.html]
[archive.org/logina1be.html]
[help.archive.org/help/category/the-wayback-machine/index.html]
[web.archive.org/web/20071102114328/http_/web.archive.org/screenshot/http_/users.cjb.net/pixma-faq/4.html]
[archive.org/details/alexacrawls.html]
[www.alexa.com/index.html]
[archive.org/details/52_crawl.html]
[web.archive.org/web/20071102114328/http_/www.stevesforums.com/index.html]
[web.archive.org/web/20071102114328/http_/www.steves-digicams.com/index.html]
[web.archive.org/web/20071105235500/http_/www.stevesforums.com/forums/view_topicdb80.html]
[web.archive.org/web/20071105154217/http_/www.eserviceinfo.com/equipment_mfg/Canon_22.html]
[web.archive.org/web/20071227131140/http_/www.stevesforums.com/forums/view_user0ad6.html]
[web.archive.org/web/20071227131131/http_/www.stevesforums.com/forums/view_topic8f45.html]
[web.archive.org/web/20060519063400im_/http_/users.cjb.net/pixma-faq/MP750780.html]
[web.archive.org/web/20060519063336im_/http_/users.cjb.net/pixma-faq/MP760.html]
[web.archive.org/web/20060519063159im_/http_/users.cjb.net/pixma-faq/MAP.html]
[web.archive.org/web/20060519063537im_/http_/users.cjb.net/pixma-faq/PIXMA 7XX-1.html]
[web.archive.org/web/20060519063549im_/http_/users.cjb.net/pixma-faq/PIXMA 7XX-2.html]
[web.archive.org/web/20060519063602im_/http_/users.cjb.net/pixma-faq/PIXMA 7XX-3.html]
[web.archive.org/web/20060519063616im_/http_/users.cjb.net/pixma-faq/PIXMA 7XX-4.html]
[web.archive.org/web/20060519063628im_/http_/users.cjb.net/pixma-faq/PIXMA 7XX-5.html]
[web.archive.org/web/20060519063641im_/http_/users.cjb.net/pixma-faq/PIXMA 7XX-6.html]
[web.archive.org/web/20060519063142im_/http_/users.cjb.net/pixma-faq/mp760-rom.html]
[web.archive.org/web/20070918205210/http_/users.cjb.net/pixma-faq/index.html]
[web.archive.org/web/20070918205526/http_/users.cjb.net/pixma-faq/3.html]
[web.archive.org/web/20070918183929/http_/users.cjb.net/pixma-faq/1.html]
[web.archive.org/web/20070918205149/http_/users.cjb.net/pixma-faq/2.html]
[web.archive.org/web/20070918183214/http_/users.cjb.net/pixma-faq/5.html]
[web.archive.org/web/20070918210240/http_/users.cjb.net/pixma-faq/6.html]
[web.archive.org/web/20070919022454/http_/users.cjb.net/pixma-faq/8.html]
[web.archive.org/web/20070918185329/http_/users.cjb.net/pixma-faq/9.html]
[web.archive.org/web/20070717161514js_/http_/ads.adbrite.com/mb/text_group4872.html]
[web.archive.org/web/20071101194629js_/http_/kona.kontera.com/javascript/lib/KonaLibInline.js]
[web.archive.org/web/20080105035319/http_/www.stevesforums.com/index.html]
[web.archive.org/web/20080105035319/http_/www.steves-digicams.com/index.html]
[web.archive.org/web/20080109212446/http_/www.stevesforums.com/forums/view_userd033.html]
[web.archive.org/web/20080109212456/http_/www.stevesforums.com/forums/view_user6c28.html]
[web.archive.org/web/20071227084232/http_/www.stevesforums.com/forums/view_topicd5b3.html]
[web.archive.org/web/20071229064536/http_/cweb.canon.jp/drv-upd/bj/bjwxp-180.html]
[web.archive.org/web/20080105035319/http_/software.canon-europe.com/index.html]
[web.archive.org/web/20080109133402/http_/www.canon.com.hk/En/product/Series73e3.html]
[web.archive.org/web/20071230115402/http_/www.usa.canon.com/consumer/controlleradc9.html]
[web.archive.org/web/20080109141031/http_/cmtw.canon.com.tw/service/driver26221.html]
[web.archive.org/web/20080105035319/http_/knightcrawler.filefront.com/index.html]
[web.archive.org/web/20080109191917/http_/www.stevesforums.com/forums/view_topicdcac.html]
[web.archive.org/web/20080109212422/http_/www.stevesforums.com/forums/view_topicba52.html]
[web.archive.org/web/20080105035319im_/http_/pixma-faq.periastron.com/_vti_bin/fpcount.exe/indexa90b.html]
[web.archive.org/web/20080105035319/http_/www.cybervortex.com/index.html]
[web.archive.org/web/20080105040133/http_/www.stevesforums.com/index.html]
[web.archive.org/web/20080105040133/http_/www.steves-digicams.com/index.html]
[web.archive.org/web/20071229131641/http_/www.stevesforums.com/forums/view_topic3d24.html]
[web.archive.org/web/20080105040133im_/http_/pixma-faq.periastron.com/_vti_bin/fpcount.exe/indexa90b.html]
[web.archive.org/web/20080105040133/http_/www.cybervortex.com/index.html]
[archive.org/includes/donate4e31.html]
[web.archive.org/web/20070918210416_/http_/users.cjb.net/pixma-faq/7.html]
[web.archive.org/web/20070918210416/http_/web.archive.org/screenshot/http_/users.cjb.net/pixma-faq/7.html]
[archive.org/details/44_crawl.html]
[web.archive.org/web/20070918210416/http_/www.stevesforums.com/index.html]
[web.archive.org/web/20070918210416/http_/www.steves-digicams.com/index.html]
[web.archive.org/web/20070911235727/http_/users.cjb.net/pixma-faq/4.html]
[web.archive.org/web/20070918210416/http_/www.cjb.net/index.html]
[web.archive.org/web/20070919140843js_/http_/kona.kontera.com/javascript/lib/KonaLibInline.js]
[archive.org/includes/donated7c1.html]
[web.archive.org/web/20071102082403_/http_/pixma-faq.periastron.com/8.html]
[web.archive.org/web/20071102082403/http_/web.archive.org/screenshot/http_/pixma-faq.periastron.com/8.html]
[web.archive.org/web/20071102082403/http_/www.stevesforums.com/index.html]
[web.archive.org/web/20071102082403/http_/www.steves-digicams.com/index.html]
[web.archive.org/web/20071102082403/http_/www.acoustica.com/cd-label-maker/index.html]
[web.archive.org/web/20071102065709/http_/www.magicmouse.com/h_discus_detail.html]
[web.archive.org/web/20080325094918/http_/www.nero.com/enu/index.html]
[web.archive.org/web/20071102082403/http_/www.surething.com/ST/index.html]
[web.archive.org/web/20071102082403/http_/pete.mvd2.com/index.html]
[web.archive.org/web/20071102114453/http_/pixma-faq.periastron.com/index.html]
[web.archive.org/web/20071102082358/http_/pixma-faq.periastron.com/7.html]
[web.archive.org/web/20071102051419/http_/pixma-faq.periastron.com/1.html]
[web.archive.org/web/20071102082337/http_/pixma-faq.periastron.com/2.html]
[web.archive.org/web/20071102082342/http_/pixma-faq.periastron.com/3.html]
[web.archive.org/web/20071102114448/http_/pixma-faq.periastron.com/4.html]
[web.archive.org/web/20071102082348/http_/pixma-faq.periastron.com/5.html]
[web.archive.org/web/20071102082353/http_/pixma-faq.periastron.com/6.html]
[web.archive.org/web/20071102082332/http_/pixma-faq.periastron.com/10.html]
[web.archive.org/web/20071102082403im_/http_/pixma-faq.periastron.com/_vti_bin/fpcount.exe/indexa90b.html]
[web.archive.org/web/20071102082403/http_/www.cybervortex.com/index.html]
[web.archive.org/web/20071102082408/http_/www.stevesforums.com/index.html]
[web.archive.org/web/20071102082408/http_/www.steves-digicams.com/index.html]
[web.archive.org/web/20130214082941/http_/home.kc.rr.com/azzkikr69/Install.html]
[web.archive.org/web/20080109191819/http_/www.stevesforums.com/forums/view_topic4df1.html]
[web.archive.org/web/20130214082941/http_/home.kc.rr.com/azzkikr69/ip5000.html]
[web.archive.org/web/20080109191824/http_/www.stevesforums.com/forums/view_topicfa8a.html]
[web.archive.org/web/20060629000333/http_/www.stevesforums.com/forums/attachmentc047.html]
[web.archive.org/web/20080109212326/http_/www.stevesforums.com/forums/view_topiceb0f.html]
[web.archive.org/web/20060629000008/http_/www.stevesforums.com/forums/attachmentf642.html]
[web.archive.org/web/20080109212331/http_/www.stevesforums.com/forums/view_topic5bc2.html]
[web.archive.org/web/20060629000058/http_/www.stevesforums.com/forums/attachment6cde.html]
[web.archive.org/web/20060629000345/http_/www.stevesforums.com/forums/attachment34ab.html]
[web.archive.org/web/20080109212341/http_/www.stevesforums.com/forums/view_topic1b2c.html]
[web.archive.org/web/20060629000401/http_/www.stevesforums.com/forums/attachmente13e.html]
[web.archive.org/web/20070911191641/http_/www.stevesforums.com/forums/view_topicc85b.html]
[web.archive.org/web/20060629000412/http_/www.stevesforums.com/forums/attachmentac59.html]
[web.archive.org/web/20060629000428/http_/www.stevesforums.com/forums/attachmentff54.html]
[web.archive.org/web/20080109212346/http_/www.stevesforums.com/forums/view_topic14c2.html]
[web.archive.org/web/20060629000033/http_/www.stevesforums.com/forums/attachment3076.html]
[web.archive.org/web/20080109191839/http_/www.stevesforums.com/forums/view_topicae49.html]
[web.archive.org/web/20060629000440/http_/www.stevesforums.com/forums/attachmentc31d.html]
[web.archive.org/web/20080109191844/http_/www.stevesforums.com/forums/view_topic65b9.html]
[web.archive.org/web/20060629000457/http_/www.stevesforums.com/forums/attachmenta0e3.html]
[web.archive.org/web/20060629000558/http_/www.stevesforums.com/forums/attachmenta1de.html]
[web.archive.org/web/20060629000134/http_/www.stevesforums.com/forums/attachment4a42.html]
[web.archive.org/web/20060629000516/http_/www.stevesforums.com/forums/attachment0a1b.html]
[web.archive.org/web/20060629000526/http_/www.stevesforums.com/forums/attachment5100.html]
[web.archive.org/web/20060629000540/http_/www.stevesforums.com/forums/attachmente56b.html]
[web.archive.org/web/20060629000843/http_/www.stevesforums.com/forums/attachment546f.html]
[web.archive.org/web/20080109212351/http_/www.stevesforums.com/forums/view_topicb36a.html]
[web.archive.org/web/20060629000611/http_/www.stevesforums.com/forums/attachment9bfb.html]
[web.archive.org/web/20080109181836/http_/www.stevesforums.com/forums/view_topic0630.html]
[web.archive.org/web/20060629000626/http_/www.stevesforums.com/forums/attachment8d2f.html]
[web.archive.org/web/20060629000644/http_/www.stevesforums.com/forums/attachmentde07.html]
[web.archive.org/web/20080109191855/http_/www.stevesforums.com/forums/view_topic48f6.html]
[web.archive.org/web/20060629000701/http_/www.stevesforums.com/forums/attachmenta386.html]
[web.archive.org/web/20080109191900/http_/www.stevesforums.com/forums/view_topic4076.html]
[web.archive.org/web/20060629000714/http_/www.stevesforums.com/forums/attachmentfc06.html]
[web.archive.org/web/20060629000728/http_/www.stevesforums.com/forums/attachment6472.html]
[web.archive.org/web/20060629000743/http_/www.stevesforums.com/forums/attachment2b63.html]
[web.archive.org/web/20080109212401/http_/www.stevesforums.com/forums/view_topica9fb.html]
[web.archive.org/web/20060629000756/http_/www.stevesforums.com/forums/attachmentae60.html]
[web.archive.org/web/20080109181842/http_/www.stevesforums.com/forums/view_topic5652.html]
[web.archive.org/web/20060629000808/http_/www.stevesforums.com/forums/attachmentbe11.html]
[web.archive.org/web/20060629000819/http_/www.stevesforums.com/forums/attachment9474.html]
[web.archive.org/web/20071102082408/http_/www.stevesforums.com/forums/view_topic2c0a.html]
[web.archive.org/web/20080109212417/http_/www.stevesforums.com/forums/view_topicf525.html]
[web.archive.org/web/20060629000833/http_/www.stevesforums.com/forums/attachment275e.html]
[web.archive.org/web/20080109212316/http_/www.stevesforums.com/forums/view_topic59ba.html]
[web.archive.org/web/20070911191451/http_/www.stevesforums.com/forums/view_topicd5b3.html]
[web.archive.org/web/20071102082408/http_/www.stevesforums.com/forums/view_topicb671.html]
[web.archive.org/web/20071102082408/http_/www.stevesforums.com/forums/view_topicdd9e.html]
[web.archive.org/web/20071102082408/http_/cdtray.cjb.net/index.html]
[web.archive.org/web/20071102082408im_/http_/pixma-faq.periastron.com/_vti_bin/fpcount.exe/indexa90b.html]
[web.archive.org/web/20071102082408/http_/www.cybervortex.com/index.html]
[archive.org/includes/donatef455.html]
[web.archive.org/web/20070918204849_/http_/users.cjb.net/pixma-faq/10.html]
[web.archive.org/web/20070918204849/http_/web.archive.org/screenshot/http_/users.cjb.net/pixma-faq/10.html]
[web.archive.org/web/20070918204849/http_/www.stevesforums.com/index.html]
[web.archive.org/web/20070918204849/http_/www.steves-digicams.com/index.html]
[web.archive.org/web/20070918204849/http_/www.stevesforums.com/forums/index.html]
[web.archive.org/web/20070918204849/http_/www.nifty-stuff.com/forum/index.html]
[web.archive.org/web/20070918204849/http_/www.druckerchannel.de/index.html]
[web.archive.org/web/20070922113619/http_/www.neilslade.com/Papers/inkjetstuff.html]
[web.archive.org/web/20070918204849/http_/club.cdfreaks.com/index.html]
[web.archive.org/web/20070712023204/http_/www.videohelp.com/dvdmedia.html]
[web.archive.org/web/20070918204849/https_/www.atlanticinkjet.com/index.html]
[web.archive.org/web/20070918204849/http_/www.alotofthings.com/index.html]
[web.archive.org/web/20070918204849/http_/hobbicolors.com/index.html]
[web.archive.org/web/20070918204849/http_/search.ebay.com/search/search3ba7.html]
[web.archive.org/web/20070918204849/http_/www.image-specialists.com/index.html]
[web.archive.org/web/20070918204849/http_/www.inkgrabbers.com/index.html]
[web.archive.org/web/20070918204849/http_/www.inkjetgoodies.com/index.html]
[web.archive.org/web/20070918204849/http_/www.inkrepublic.com/index.html]
[web.archive.org/web/20070918204849/http_/www.inktec.com/index.html]
[web.archive.org/web/20070918204849/http_/www.lasermonks.com/index.html]
[web.archive.org/web/20070918204849/http_/www.lyson.com/index.html]
[web.archive.org/web/20070918204849/http_/www.mediastreet.com/index.html]
[web.archive.org/web/20070918204849/http_/www.ocp-online.de/index.html]
[web.archive.org/web/20070918204849/http_/www.inksupply.com/index.html]
[web.archive.org/web/20070918204849/http_/www.responsibleink.com/index.html]
[web.archive.org/web/20070918204849/http_/www.sensient-tech.com/index.html]
[web.archive.org/web/20070918204849/http_/www.swiftink.com/index.html]
[web.archive.org/web/20070918204849/http_/www.weink.com/index.html]
[web.archive.org/web/20070918181515/http_/homepage.ntlworld.com/wilf.james/cartclen.html]
[web.archive.org/web/20070211220403/http_/forums.dpreview.com/forums/read573c.html]
[web.archive.org/web/20150623052204/http_/www.fixyourownprinter.com/reference/manuals/public/canon.html]
[web.archive.org/web/20070920012119/http_/www.eserviceinfo.com/equipment_mfg/Canon_22.html]
[web.archive.org/web/20070918204849/ftp_/ownload.canon.jp/pub/driver/bj/linux/index.html]
[web.archive.org/web/20070920194150/http_/www.turboprint.de/english.html/index.html]
[web.archive.org/web/20070918204849/http_/www.cjb.net/index.html]
[web.archive.org/web/20080105035309im_/http_/pixma-faq.periastron.com/3-4.gif]
[web.archive.org/web/20080105035309/http_/pixma-faq.periastron.com/7.html]
[web.archive.org/web/20080105035309im_/http_/pixma-faq.periastron.com/3-6.jpg]
[web.archive.org/web/20080105035309im_/http_/pixma-faq.periastron.com/3-8.gif]
[web.archive.org/web/20080105035309/http_/pixma-faq.periastron.com/3-9-big.jpg]
[web.archive.org/web/20080105035309im_/http_/pixma-faq.periastron.com/3-9.jpg]
[web.archive.org/web/20080105035309/http_/pixma-faq.periastron.com/3-10-big.gif]
[web.archive.org/web/20080105035309im_/http_/pixma-faq.periastron.com/3-10.gif]
[users.cjb.net/pixma-faq/4.html]
[users.cjb.net/pixma-faq/7.html]
[users.cjb.net/pixma-faq/10.html]
