[web.archive.org/web/20080105035258/http_/pixma-faq.periastron.com/1.html]
[web.archive.org/web/20080105035303/http_/pixma-faq.periastron.com/2.html]
[web.archive.org/web/20080105035309/http_/pixma-faq.periastron.com/3.html]
[web.archive.org/web/20080105035314/http_/pixma-faq.periastron.com/4.html]
[web.archive.org/web/20080105035319/http_/pixma-faq.periastron.com/5.html]
[web.archive.org/web/20080105040133/http_/pixma-faq.periastron.com/6.html]
[web.archive.org/web/20080226055729/http_/pixma-faq.periastron.com/7.html]
[web.archive.org/web/20080227022354/http_/pixma-faq.periastron.com/8.html]
[web.archive.org/web/20071102082408/http_/pixma-faq.periastron.com/9.html]
[backblue.gif]
[fade.gif]
[index.html]
[web.archive.org/web/20080105035258/http_/pixma-faq.periastron.com/index.html]
[web.archive.org/web/20080227021500/http_/pixma-faq.periastron.com/10.html]
[web.archive.org/web/20080101103419/http_/pixma-faq.periastron.com/index.html]
[web-static.archive.org/_static/js/bundle-playbackffba.js]
[web-static.archive.org/_static/js/wombat9b8c.js]
[web-static.archive.org/_static/js/ruffle/ruffle.js]
[web-static.archive.org/_static/css/banner-styles074f.css]
[web-static.archive.org/_static/css/iconochive29a7.css]
[web.archive.org/web/20070102205418im_/http_/pixma-faq.periastron.com/wowbb_logo.gif]
[web.archive.org/web/20070102205405im_/http_/pixma-faq.periastron.com/pixma-faq.jpg]
[web.archive.org/web/20070102205357im_/http_/pixma-faq.periastron.com/curve.jpg]
[web.archive.org/web/20061127202240im_/http_/pixma-faq.periastron.com/1-1.gif]
[web.archive.org/web/20070102205324im_/http_/pixma-faq.periastron.com/main.jpg]
[web.archive.org/web/20070104104901im_/http_/pixma-faq.periastron.com/back.jpg]
[web.archive.org/web/20070102205348im_/http_/pixma-faq.periastron.com/next.jpg]
[web.archive.org/web/20070104104912im_/http_/pixma-faq.periastron.com/YOURHERE.jpg]
[web.archive.org/web/20070107073100im_/http_/www.cybervortex.com/_borders/spiral2_small.gif]
[web.archive.org/web/20080105035258/http_/pixma-faq.periastron.com/1.html]
[web.archive.org/web/20061128130146im_/http_/pixma-faq.periastron.com/2-1.jpg]
[web.archive.org/web/20061128130158im_/http_/pixma-faq.periastron.com/2-2.gif]
[web.archive.org/web/20061128130211im_/http_/pixma-faq.periastron.com/2-3.gif]
[web.archive.org/web/20061128130235im_/http_/pixma-faq.periastron.com/2-5.gif]
[web.archive.org/web/20061128130223im_/http_/pixma-faq.periastron.com/2-4.gif]
[web.archive.org/web/20061128130301im_/http_/pixma-faq.periastron.com/2-7.gif]
[web.archive.org/web/20061128130249im_/http_/pixma-faq.periastron.com/2-6.gif]
[web.archive.org/web/20061127202101im_/http_/pixma-faq.periastron.com/2-10.gif]
[web.archive.org/web/20060507051911im_/http_/pixma-faq.periastron.com/2-8.gif]
[web.archive.org/web/20061127201155im_/http_/pixma-faq.periastron.com/2-9.gif]
[web.archive.org/web/20080105035303/http_/pixma-faq.periastron.com/2.html]
[web.archive.org/web/20061127202127im_/http_/pixma-faq.periastron.com/3-2.gif]
[web.archive.org/web/20061126185958im_/http_/pixma-faq.periastron.com/adapter.gif]
[web.archive.org/web/20070402030943/http_/pixma-faq.periastron.com/3-3-big.jpg]
[web.archive.org/web/20061127202022im_/http_/pixma-faq.periastron.com/3-3.gif]
[web.archive.org/web/20060501131109im_/http_/pixma-faq.periastron.com/3-4.gif]
[web.archive.org/web/20060501131149im_/http_/pixma-faq.periastron.com/3-5.jpg]
[web.archive.org/web/20060501131051im_/http_/pixma-faq.periastron.com/3-6.jpg]
[web.archive.org/web/20061127201242im_/http_/pixma-faq.periastron.com/3-8.gif]
[web.archive.org/web/20060501131102/http_/pixma-faq.periastron.com/3-9-big.jpg]
[web.archive.org/web/20061127201912im_/http_/pixma-faq.periastron.com/3-9.jpg]
[web.archive.org/web/20061201095700/http_/pixma-faq.periastron.com/3-10-big.gif]
[web.archive.org/web/20061128130551im_/http_/pixma-faq.periastron.com/3-10.gif]
[web.archive.org/web/20080105035309/http_/pixma-faq.periastron.com/3.html]
[web.archive.org/web/20061106010019im_/http_/pixma-faq.periastron.com/4-1.gif]
[web.archive.org/web/20060507191402im_/http_/pixma-faq.periastron.com/4-1.jpg]
[web.archive.org/web/20061127202139im_/http_/pixma-faq.periastron.com/MP750780.gif]
[web.archive.org/web/20061128130618im_/http_/pixma-faq.periastron.com/MP760.gif]
[web.archive.org/web/20061127201937im_/http_/pixma-faq.periastron.com/MAP.gif]
[web.archive.org/web/20061127201256im_/http_/pixma-faq.periastron.com/PIXMA 7XX-1.gif]
[web.archive.org/web/20060507191456im_/http_/pixma-faq.periastron.com/PIXMA 7XX-2.gif]
[web.archive.org/web/20060507191411im_/http_/pixma-faq.periastron.com/PIXMA 7XX-3.gif]
[web.archive.org/web/20061127201949im_/http_/pixma-faq.periastron.com/PIXMA 7XX-4.gif]
[web.archive.org/web/20061127202329im_/http_/pixma-faq.periastron.com/PIXMA 7XX-5.gif]
[web.archive.org/web/20060507191553im_/http_/pixma-faq.periastron.com/PIXMA 7XX-6.gif]
[web.archive.org/web/20061127201318im_/http_/pixma-faq.periastron.com/mp760-rom.jpg]
[web.archive.org/web/20080105035314/http_/pixma-faq.periastron.com/4.html]
[web.archive.org/web/20061127201925im_/http_/pixma-faq.periastron.com/5-1.jpg]
[web.archive.org/web/20080105035319/http_/pixma-faq.periastron.com/5.html]
[web.archive.org/web/20061128130503im_/http_/pixma-faq.periastron.com/6-1.jpg]
[web.archive.org/web/20061128130515im_/http_/pixma-faq.periastron.com/6-2.gif]
[web.archive.org/web/20061128130527im_/http_/pixma-faq.periastron.com/6-3.gif]
[web.archive.org/web/20061128130539im_/http_/pixma-faq.periastron.com/6-4.gif]
[web.archive.org/web/20080105040133/http_/pixma-faq.periastron.com/6.html]
[web.archive.org/web/20080226055729/http_/pixma-faq.periastron.com/7.html]
[web.archive.org/web/20080227022354/http_/pixma-faq.periastron.com/8.html]
[web.archive.org/web/20130214082941/http_/home.kc.rr.com/azzkikr69/Install.jpg]
[web.archive.org/web/20130214082941/http_/home.kc.rr.com/azzkikr69/ip5000.jpg]
[web.archive.org/web/20071102082408/http_/pixma-faq.periastron.com/9.html]
[web.archive.org/web/20080227021500/http_/pixma-faq.periastron.com/10.html]
[web.archive.org/web/20080101103419/http_/pixma-faq.periastron.com/index.html]
[web-static.archive.org/_static/css/banner-styles074f.css]
[web-static.archive.org/_static/css/iconochive29a7.css]
[web.archive.org/web/20080226055729/http_/pixma-faq.periastron.com/index.html]
[web.archive.org/web/20080226055729/http_/pixma-faq.periastron.com/index7043.html]
[web.archive.org/web/20080227022354/http_/pixma-faq.periastron.com/index.html]
[web.archive.org/web/20080227022354/http_/pixma-faq.periastron.com/index7043.html]
[web.archive.org/web/20080227021500/http_/pixma-faq.periastron.com/index.html]
[web.archive.org/web/20080227021500/http_/pixma-faq.periastron.com/index7043.html]
